src/app/api/trpc/[trpc]/route.ts(18,9): error TS2578: Unused '@ts-expect-error' directive.
src/app/dashboard/inventario/inventory-client.tsx(36,5): error TS2578: Unused '@ts-expect-error' directive.
src/app/dashboard/inventario/inventory-client.tsx(40,5): error TS2578: Unused '@ts-expect-error' directive.
src/app/dashboard/inventario/inventory-client.tsx(44,13): error TS2578: Unused '@ts-expect-error' directive.
src/app/dashboard/inventario/inventory-form.tsx(48,5): error TS2578: Unused '@ts-expect-error' directive.
src/app/dashboard/inventario/inventory-form.tsx(92,9): error TS2578: Unused '@ts-expect-error' directive.
src/app/dashboard/inventario/inventory-form.tsx(94,9): error TS2578: Unused '@ts-expect-error' directive.
src/app/dashboard/inventario/inventory-form.tsx(96,9): error TS2578: Unused '@ts-expect-error' directive.
src/app/dashboard/inventario/inventory-form.tsx(98,9): error TS2578: Unused '@ts-expect-error' directive.
src/app/onboarding/page.tsx(15,5): error TS2578: Unused '@ts-expect-error' directive.
src/components/StripeConnectButton.tsx(18,5): error TS2578: Unused '@ts-expect-error' directive.
src/trpc/react.tsx(6,1): error TS2578: Unused '@ts-expect-error' directive.
